// Jest Snapshot v1, https://goo.gl/fbAQLP

exports[`Template Should load template file 1`] = `
"# Don't be [SUPERFICIAL](https://superficial.herokuapp.com)!

#### This pull request contains files that have formatting changes without any functionality change. 

Those files can make the review process and tracking of commit history much harder. Commits of formatting-only should be submitted in their own PR.  

> You are getting this message because [the superficial bot](https://github.com/shlomokraus/superficial) is installed on this repository.



## Let me help you with that :put_litter_in_its_place: 
Superficial bot can revert to base all files that don't have any change to their functionality. 
Click this checkbox to trigger an automatic commit: 

- [ ] Remove selected files (this may take a few minutes)

#### The following files should be removed:

Path  | 
---------| 
<%= files %>

---
"
`;
